// Jest Snapshot v1, https://goo.gl/fbAQLP

exports[`renders CurrencyConverter component correctly 1`] = `
<div>
  <div
    className="currency__title"
  >
    USD
  </div>
  <div
    className="currency__result"
  >
    0.00
  </div>
  <div
    className="input-group currency__input-group"
  >
    <input
      className="currency__amount-input"
      onChange={[Function]}
      type="number"
      value={0}
    />
    <select
      className="currency__selector"
      onChange={[Function]}
    >
      <option
        value="USD"
      >
        USD
      </option>
      <option
        value="EUR"
      >
        EUR
      </option>
      <option
        value="JPY"
      >
        JPY
      </option>
    </select>
  </div>
</div>
`;

exports[`renders component 1`] = `
<div>
  <div
    className="currency__title"
  >
    USD
  </div>
  <div
    className="currency__result"
  >
    0.00
  </div>
  <div
    className="input-group currency__input-group"
  >
    <input
      className="currency__amount-input"
      onChange={[Function]}
      type="number"
      value={0}
    />
    <select
      className="currency__selector"
      onChange={[Function]}
    >
      <option
        value="USD"
      >
        USD
      </option>
      <option
        value="EUR"
      >
        EUR
      </option>
      <option
        value="JPY"
      >
        JPY
      </option>
    </select>
  </div>
</div>
`;
